// Jest Snapshot v1, https://goo.gl/fbAQLP

exports[`matches snapshot 1`] = `
<table>
  <tbody>
    <tr
      data-testid="row-1"
    >
      <td>
        3
      </td>
      <td>
        Swimming
      </td>
      <td>
        9/24/2011
      </td>
      <td>
        <button
          onClick={[Function]}
        >
          Delete
        </button>
      </td>
    </tr>
  </tbody>
</table>
`;
