// Jest Snapshot v1, https://goo.gl/fbAQLP

exports[`matches snapshot 1`] = `
<div
  className="row-1"
  data-testid="row-1"
>
  <div
    className="col-sm-4"
  >
    3
  </div>
  <div
    className="col-sm-4"
  >
    Swimming
  </div>
  <div
    className="col-sm-4"
  >
    9/24/2011
  </div>
</div>
`;
