// Jest Snapshot v1, https://goo.gl/fbAQLP

exports[`matches snapshot 1`] = `
<div
  className="container"
  data-testid="counter"
>
  <div
    className="row-0"
    data-testid="row-0"
  >
    <div
      className="col-sm-4"
    >
      1
    </div>
    <div
      className="col-sm-4"
    >
      Run
    </div>
    <div
      className="col-sm-4"
    >
      11/24/2011
    </div>
  </div>
  <div
    className="row-1"
    data-testid="row-1"
  >
    <div
      className="col-sm-4"
    >
      3
    </div>
    <div
      className="col-sm-4"
    >
      Swimming
    </div>
    <div
      className="col-sm-4"
    >
      9/24/2011
    </div>
  </div>
</div>
`;
