// Jest Snapshot v1, https://goo.gl/fbAQLP

exports[`matches snapshot 1`] = `
<table
  className="container table table-bordered"
  data-testid="workout-list"
>
  <tbody>
    <tr
      data-testid="row--1"
    >
      <td>
        Tempo
      </td>
      <td>
        Tipo
      </td>
      <td>
        Data
      </td>
      <td />
    </tr>
    <tr
      data-testid="row-0"
    >
      <td>
        1
      </td>
      <td>
        Run
      </td>
      <td>
        11/24/2011
      </td>
      <td>
        <button
          onClick={[Function]}
        >
          Excluir
        </button>
      </td>
    </tr>
    <tr
      data-testid="row-1"
    >
      <td>
        3
      </td>
      <td>
        Swimming
      </td>
      <td>
        9/24/2011
      </td>
      <td>
        <button
          onClick={[Function]}
        >
          Excluir
        </button>
      </td>
    </tr>
  </tbody>
</table>
`;
